// Jest Snapshot v1, https://goo.gl/fbAQLP

exports[`FilterContainer Component should match snapshot 1`] = `
<div>
  <div
    class="sc-dkjKgF gLwynD"
  >
    <div
      class="sc-grXZZQ frvTkF"
      data-testid="filter"
    >
      <div>
        <label
          for="react-select-2-input"
        >
          Select property
        </label>
        <div
          class="sc-bcPKhP bpHLtS css-b62m3t-container"
        >
          <span
            class="css-1f43avz-a11yText-A11yText"
            id="react-select-14-live-region"
          />
          <span
            aria-atomic="false"
            aria-live="polite"
            aria-relevant="additions text"
            class="css-1f43avz-a11yText-A11yText"
          />
          <div
            class="react-select__control css-13cymwt-control"
          >
            <div
              class="react-select__value-container react-select__value-container--has-value css-1fdsijx-ValueContainer"
            >
              <div
                class="react-select__single-value css-1dimb5e-singleValue"
              />
              <div
                class="react-select__input-container css-qbdosj-Input"
                data-value=""
              >
                <input
                  aria-autocomplete="list"
                  aria-expanded="false"
                  aria-haspopup="true"
                  aria-label="Select property"
                  autocapitalize="none"
                  autocomplete="off"
                  autocorrect="off"
                  class="react-select__input"
                  id="react-select-14-input"
                  role="combobox"
                  spellcheck="false"
                  style="opacity: 1; width: 100%; grid-area: 1 / 2; min-width: 2px; border: 0px; margin: 0px; outline: 0; padding: 0px;"
                  tabindex="0"
                  type="text"
                  value=""
                />
              </div>
            </div>
            <div
              class="react-select__indicators css-1hb7zxy-IndicatorsContainer"
            >
              <div
                aria-hidden="true"
                class="react-select__indicator react-select__clear-indicator css-1xc3v61-indicatorContainer"
              >
                <svg
                  aria-hidden="true"
                  class="css-tj5bde-Svg"
                  focusable="false"
                  height="20"
                  viewBox="0 0 20 20"
                  width="20"
                >
                  <path
                    d="M14.348 14.849c-0.469 0.469-1.229 0.469-1.697 0l-2.651-3.030-2.651 3.029c-0.469 0.469-1.229 0.469-1.697 0-0.469-0.469-0.469-1.229 0-1.697l2.758-3.15-2.759-3.152c-0.469-0.469-0.469-1.228 0-1.697s1.228-0.469 1.697 0l2.652 3.031 2.651-3.031c0.469-0.469 1.228-0.469 1.697 0s0.469 1.229 0 1.697l-2.758 3.152 2.758 3.15c0.469 0.469 0.469 1.229 0 1.698z"
                  />
                </svg>
              </div>
              <span
                class="react-select__indicator-separator css-1u9des2-indicatorSeparator"
              />
              <div
                aria-hidden="true"
                class="react-select__indicator react-select__dropdown-indicator css-1xc3v61-indicatorContainer"
              >
                <svg
                  aria-hidden="true"
                  class="css-tj5bde-Svg"
                  focusable="false"
                  height="20"
                  viewBox="0 0 20 20"
                  width="20"
                >
                  <path
                    d="M4.516 7.548c0.436-0.446 1.043-0.481 1.576 0l3.908 3.747 3.908-3.747c0.533-0.481 1.141-0.446 1.574 0 0.436 0.445 0.408 1.197 0 1.615-0.406 0.418-4.695 4.502-4.695 4.502-0.217 0.223-0.502 0.335-0.787 0.335s-0.57-0.112-0.789-0.335c0 0-4.287-4.084-4.695-4.502s-0.436-1.17 0-1.615z"
                  />
                </svg>
              </div>
            </div>
          </div>
        </div>
      </div>
      <div>
        <label
          for="react-select-2-input"
        >
          Select operator
        </label>
        <div
          class="sc-bcPKhP bpHLtS react-select--is-disabled css-3iigni-container"
        >
          <span
            class="css-1f43avz-a11yText-A11yText"
            id="react-select-15-live-region"
          />
          <span
            aria-atomic="false"
            aria-live="polite"
            aria-relevant="additions text"
            class="css-1f43avz-a11yText-A11yText"
          />
          <div
            class="react-select__control react-select__control--is-disabled css-16xfy0z-control"
          >
            <div
              class="react-select__value-container css-1fdsijx-ValueContainer"
            >
              <div
                class="react-select__placeholder css-1jqq78o-placeholder"
                id="react-select-15-placeholder"
              >
                Select...
              </div>
              <div
                class="react-select__input-container css-1h01tm3-Input"
                data-value=""
              >
                <input
                  aria-autocomplete="list"
                  aria-describedby="react-select-15-placeholder"
                  aria-expanded="false"
                  aria-haspopup="true"
                  aria-label="Select operator"
                  autocapitalize="none"
                  autocomplete="off"
                  autocorrect="off"
                  class="react-select__input"
                  disabled=""
                  id="react-select-15-input"
                  role="combobox"
                  spellcheck="false"
                  style="opacity: 1; width: 100%; grid-area: 1 / 2; min-width: 2px; border: 0px; margin: 0px; outline: 0; padding: 0px;"
                  tabindex="0"
                  type="text"
                  value=""
                />
              </div>
            </div>
            <div
              class="react-select__indicators css-1hb7zxy-IndicatorsContainer"
            >
              <span
                class="react-select__indicator-separator css-894a34-indicatorSeparator"
              />
              <div
                aria-hidden="true"
                class="react-select__indicator react-select__dropdown-indicator css-1xc3v61-indicatorContainer"
              >
                <svg
                  aria-hidden="true"
                  class="css-tj5bde-Svg"
                  focusable="false"
                  height="20"
                  viewBox="0 0 20 20"
                  width="20"
                >
                  <path
                    d="M4.516 7.548c0.436-0.446 1.043-0.481 1.576 0l3.908 3.747 3.908-3.747c0.533-0.481 1.141-0.446 1.574 0 0.436 0.445 0.408 1.197 0 1.615-0.406 0.418-4.695 4.502-4.695 4.502-0.217 0.223-0.502 0.335-0.787 0.335s-0.57-0.112-0.789-0.335c0 0-4.287-4.084-4.695-4.502s-0.436-1.17 0-1.615z"
                  />
                </svg>
              </div>
            </div>
          </div>
        </div>
      </div>
      <div>
        <label
          for="react-select-2-input"
        >
          Select one or more values
        </label>
        <div
          class="sc-bcPKhP bpHLtS react-select--is-disabled css-3iigni-container"
        >
          <span
            class="css-1f43avz-a11yText-A11yText"
            id="react-select-16-live-region"
          />
          <span
            aria-atomic="false"
            aria-live="polite"
            aria-relevant="additions text"
            class="css-1f43avz-a11yText-A11yText"
          />
          <div
            class="react-select__control react-select__control--is-disabled css-16xfy0z-control"
          >
            <div
              class="react-select__value-container react-select__value-container--is-multi css-1fdsijx-ValueContainer"
            >
              <div
                class="react-select__placeholder css-1jqq78o-placeholder"
                id="react-select-16-placeholder"
              >
                Select...
              </div>
              <div
                class="react-select__input-container css-1h01tm3-Input"
                data-value=""
              >
                <input
                  aria-autocomplete="list"
                  aria-describedby="react-select-16-placeholder"
                  aria-expanded="false"
                  aria-haspopup="true"
                  aria-label="Select one or more values"
                  autocapitalize="none"
                  autocomplete="off"
                  autocorrect="off"
                  class="react-select__input"
                  disabled=""
                  id="react-select-16-input"
                  role="combobox"
                  spellcheck="false"
                  style="opacity: 1; width: 100%; grid-area: 1 / 2; min-width: 2px; border: 0px; margin: 0px; outline: 0; padding: 0px;"
                  tabindex="0"
                  type="text"
                  value=""
                />
              </div>
            </div>
            <div
              class="react-select__indicators css-1hb7zxy-IndicatorsContainer"
            >
              <span
                class="react-select__indicator-separator css-894a34-indicatorSeparator"
              />
              <div
                aria-hidden="true"
                class="react-select__indicator react-select__dropdown-indicator css-1xc3v61-indicatorContainer"
              >
                <svg
                  aria-hidden="true"
                  class="css-tj5bde-Svg"
                  focusable="false"
                  height="20"
                  viewBox="0 0 20 20"
                  width="20"
                >
                  <path
                    d="M4.516 7.548c0.436-0.446 1.043-0.481 1.576 0l3.908 3.747 3.908-3.747c0.533-0.481 1.141-0.446 1.574 0 0.436 0.445 0.408 1.197 0 1.615-0.406 0.418-4.695 4.502-4.695 4.502-0.217 0.223-0.502 0.335-0.787 0.335s-0.57-0.112-0.789-0.335c0 0-4.287-4.084-4.695-4.502s-0.436-1.17 0-1.615z"
                  />
                </svg>
              </div>
            </div>
          </div>
        </div>
      </div>
    </div>
    <button
      class="sc-hLclGa kqDAoA"
    >
      Apply
    </button>
    <svg
      aria-label="clear"
      class="sc-eDnVMP kZsety"
      fill="none"
      height="24"
      role="button"
      stroke="currentColor"
      stroke-linecap="round"
      stroke-linejoin="round"
      stroke-width="2"
      viewBox="0 0 24 24"
      width="24"
      xmlns="http://www.w3.org/2000/svg"
    >
      <path
        d="M3 6h18"
      />
      <path
        d="M19 6v14c0 1-1 2-2 2H7c-1 0-2-1-2-2V6"
      />
      <path
        d="M8 6V4c0-1 1-2 2-2h4c1 0 2 1 2 2v2"
      />
      <line
        x1="10"
        x2="10"
        y1="11"
        y2="17"
      />
      <line
        x1="14"
        x2="14"
        y1="11"
        y2="17"
      />
    </svg>
  </div>
</div>
`;
